// Jest Snapshot v1, https://goo.gl/fbAQLP

exports[`withMutationEffects should check for queries to invalidate for all domain objects referenced in outputs 1`] = `
[
  [
    ".cache.ref.Container.__container.icid__.317f6449a26907227ea8de349c480310628297c300c6586e97ca8706f861c7d1",
  ],
  [
    ".cache.ref.Ship.__ship.isid__.0b689f94a3c7d857f5587801814a875598b4dfd25e9d836887a968556c9763f8",
  ],
  [
    ".query.dep.Container.uuid.__container.uuid__.icid",
  ],
  [
    ".query.dep.Container.icid.__containericid__.885f378972d5731706f1214eaf2c7227c17163034c03d0f1c93e1fd971079c48",
  ],
  [
    ".query.dep.Container.uuid.__container.uuid__.manufacturer",
  ],
  [
    ".query.dep.Container.manufacturer.containersrus.953bd78f87bfdefbe9c5745c823c503eb2ea3e64a1cfd388d17bbc422e06a9d6",
  ],
  [
    ".query.dep.Container.uuid.__container.uuid__.onShipUuid",
  ],
  [
    ".query.dep.Container.onShipUuid.__shipuuid__.11a185c00351c263db81a13d211b0fe9e2f039f30b467d8426e8bd1ea9e74a85",
  ],
  [
    ".query.dep.Container.uuid.__container.uuid__.insuredCargoUuids",
  ],
  [
    ".query.dep.Container.insuredCargoUuids.__insuredcargo1__.97c4311ea52323c110dc41035084a81560edf404337073990f2b9b790c388b7d",
  ],
  [
    ".query.dep.Container.insuredCargoUuids.__insuredcargo2__.44d32806d2699a360872669d123a5e813ecb8f3da642d9919bc857a0ec3fe66a",
  ],
  [
    ".query.dep.Container.uuid.__container.uuid__.lock",
  ],
  [
    ".query.dep.Container.lock.ContainerLock.swipernoswiping.lockymclockface.3cf448f9380ecd4daf668110f1f0bf7884de32b69c3576082bf0dcc1ca50c2b9",
  ],
  [
    ".query.dep.Ship.uuid.__ship.uuid__.isid",
  ],
  [
    ".query.dep.Ship.isid.__shipisid__.f905828ea72c78c5a27e62d09d6a7db443ba838326e8d24ad43766655561e500",
  ],
  [
    ".query.dep.Ship.uuid.__ship.uuid__.name",
  ],
  [
    ".query.dep.Ship.name.boatymcboatface.ade929700486ec399d87267309e214546b88038e99cd625adcdaba49ad5470bf",
  ],
]
`;

exports[`withMutationEffects should log the cache.effects if logDebug option was specified 1`] = `
[
  [
    "ddcache.mutation.effects",
    {
      "evaluated": {
        "deps": [
          ".query.dep.Container.uuid.__container.uuid__.lock",
          ".query.dep.Container.lock.manufacturerswipernoswipingmodellockymclockface.3cf448f9380ecd4daf668110f1f0bf7884de32b69c3576082bf0dcc1ca50c2b9",
          ".query.dep.Container.lock.ContainerLock.swipernoswiping.lockymclockface.3cf448f9380ecd4daf668110f1f0bf7884de32b69c3576082bf0dcc1ca50c2b9",
        ],
      },
      "invalidated": {
        "queries": [],
      },
      "updated": {
        "references": [
          ".cache.ref.Container.__container.icid__.317f6449a26907227ea8de349c480310628297c300c6586e97ca8706f861c7d1",
          ".cache.ref.Ship.__ship.isid__.0b689f94a3c7d857f5587801814a875598b4dfd25e9d836887a968556c9763f8",
        ],
      },
    },
  ],
]
`;

exports[`withMutationEffects should produce query invalidations for all the domain entities referenced in outputs 1`] = `
[
  [
    ".query.dep.Container.uuid.__containeruuid__.41a9e6b0c8ab54ff319a9a1551e51a0045cd2f91a5ab2476e4995e47d2fb1d6d",
    "{"queries":["[{\\"containerUuid\\":\\"__container.uuid__\\",\\"shipUuid\\":\\"__ship.uuid__\\"}]"]}",
    {
      "secondsUntilExpiration": Infinity,
    },
  ],
  [
    ".query.dep.Container.onShipUuid.__shipuuid__.11a185c00351c263db81a13d211b0fe9e2f039f30b467d8426e8bd1ea9e74a85",
    "{"queries":["[{\\"containerUuid\\":\\"__container.uuid__\\",\\"shipUuid\\":\\"__ship.uuid__\\"}]"]}",
    {
      "secondsUntilExpiration": Infinity,
    },
  ],
  [
    ".query.dep.Container.uuid.__container.uuid__.insuredCargoUuids",
    "{"queries":["[{\\"containerUuid\\":\\"__container.uuid__\\",\\"shipUuid\\":\\"__ship.uuid__\\"}]"]}",
    {
      "secondsUntilExpiration": Infinity,
    },
  ],
  [
    "[{"containerUuid":"__container.uuid__","shipUuid":"__ship.uuid__"}]",
    "{"container":".cache.ref.Container.__container.icid__.317f6449a26907227ea8de349c480310628297c300c6586e97ca8706f861c7d1","ship":".cache.ref.Ship.__ship.isid__.0b689f94a3c7d857f5587801814a875598b4dfd25e9d836887a968556c9763f8"}",
    {
      "secondsUntilExpiration": undefined,
    },
  ],
  [
    ".cache.ref.Container.__container.icid__.317f6449a26907227ea8de349c480310628297c300c6586e97ca8706f861c7d1",
    "{"uuid":"__container.uuid__","icid":"__container.icid__","manufacturer":"containers r us","onShipUuid":"__ship.uuid__","insuredCargoUuids":["__insured.cargo.1__","__insured.cargo.2__"],"lock":{"manufacturer":"swiper no swiping","model":"locky mclockface"}}",
    {
      "secondsUntilExpiration": 2592000,
    },
  ],
  [
    ".cache.ref.Ship.__ship.isid__.0b689f94a3c7d857f5587801814a875598b4dfd25e9d836887a968556c9763f8",
    "{"uuid":"__ship.uuid__","isid":"__ship.isid__","name":"boaty mcboatface"}",
    {
      "secondsUntilExpiration": 2592000,
    },
  ],
  [
    ".cache.ref.Container.__container.icid__.317f6449a26907227ea8de349c480310628297c300c6586e97ca8706f861c7d1",
    "{"uuid":"__container.uuid__","icid":"__container.icid__","manufacturer":"containers r us","onShipUuid":"__ship.uuid__","insuredCargoUuids":["__insured.cargo.1__","__insured.cargo.2__"],"lock":{"manufacturer":"swiper no swiping","model":"locky mclockface"}}",
    {
      "secondsUntilExpiration": 2592000,
    },
  ],
  [
    ".cache.ref.Ship.__ship.isid__.0b689f94a3c7d857f5587801814a875598b4dfd25e9d836887a968556c9763f8",
    "{"uuid":"__ship.uuid__","isid":"__ship.isid__","name":"boaty mcboatface"}",
    {
      "secondsUntilExpiration": 2592000,
    },
  ],
]
`;
